 Python/3.11.5 unloaded.
 libffi/3.4.4 unloaded.
 XZ/5.4.4 unloaded.
 SQLite/3.43.1 unloaded.
 Tcl/8.6.13 unloaded.
 libreadline/8.2 unloaded.
 ncurses/6.4 unloaded.
 zlib/1.2.13 unloaded.
 bzip2/1.0.8 unloaded.
 binutils/2.40 unloaded.
 GCCcore/13.2.0 unloaded.
 OpenSSL/1.1 unloaded.
 GCCcore/13.2.0 loaded.
 zlib/1.2.13 loaded.
 binutils/2.40 loaded.
 GCC/13.2.0 loaded.
 json-c/0.17 loaded.
 libcxi/1.0.2-SHS-13.1.0 loaded.
 libfabric/2.3.1-SHS-13.1.0 loaded.
 CUDA/12.4.0 loaded.
 OpenMPI/5.0.3 loaded.
 OpenBLAS/0.3.24 loaded.
 FlexiBLAS/3.3.1 loaded.
 FFTW/3.3.10 loaded.
 FFTW.MPI/3.3.10 loaded.
 ScaLAPACK/2.2.0-fb loaded.
 foss/2023b loaded.
 numactl/2.0.16 loaded.
 XZ/5.4.4 loaded.
 libxml2/2.11.5 loaded.
 libpciaccess/0.17 loaded.
 hwloc/2.9.2 loaded.
 ncurses/6.4 loaded.
 GMP/6.3.0 loaded.
 bzip2/1.0.8 loaded.
 libreadline/8.2 loaded.
 Tcl/8.6.13 loaded.
 SQLite/3.43.1 loaded.
 libffi/3.4.4 loaded.
 OpenSSL/1.1 loaded.
 Python/3.11.5 loaded.
 Z3/4.13.0 loaded.
 Clang/17.0.6-CUDA-12.4.0 loaded.
 magma/2.7.2-CUDA-12.4.0 loaded.
 cuDNN/9.2.1.18-CUDA-12.4.0 loaded.
 NCCL/2.20.5-CUDA-12.4.0 loaded.
 NASM/2.16.01 loaded.
 libjpeg-turbo/3.0.1 loaded.
 libpng/1.6.40 loaded.
 x264/20231019 loaded.
 LAME/3.100 loaded.
 x265/3.5 loaded.
 expat/2.5.0 loaded.
 Brotli/1.1.0 loaded.
 freetype/2.13.2 loaded.
 util-linux/2.39 loaded.
 fontconfig/2.14.2 loaded.
 xorg-macros/1.20.0 loaded.
 X11/20231019 loaded.
 FriBidi/1.0.13 loaded.
 SDL2/2.28.5 loaded.
 FFmpeg/6.0 loaded.
 libogg/1.3.5 loaded.
 FLAC/1.4.2 loaded.
 libvorbis/1.3.7 loaded.
 libopus/1.4 loaded.
 mpg123/1.32.10 loaded.
 libsndfile/1.2.2 loaded.
 cuSPARSELt/0.6.1.0-CUDA-12.4.0 loaded.
 Szip/2.1.1 loaded.
 HDF5/1.14.3 loaded.
---------------------------WARNING-----------------------
Due to performance issues OMP_NUM_THREADS is set to 1
If you see performance drop, carefully test larger values
--------------------------------------------------------- 
 ML-bundle/24.06a loaded.

Currently Loaded Modules:
  1) GCCcore/13.2.0             (a)   31) Clang/17.0.6-CUDA-12.4.0       (ag)
  2) zlib/1.2.13                (a)   32) magma/2.7.2-CUDA-12.4.0        (ag)
  3) binutils/2.40              (a)   33) cuDNN/9.2.1.18-CUDA-12.4.0     (ag)
  4) GCC/13.2.0                 (a)   34) NCCL/2.20.5-CUDA-12.4.0        (ag)
  5) json-c/0.17                (a)   35) NASM/2.16.01                   (a)
  6) libcxi/1.0.2-SHS-13.1.0    (a)   36) libjpeg-turbo/3.0.1            (a)
  7) libfabric/2.3.1-SHS-13.1.0 (a)   37) libpng/1.6.40                  (a)
  8) CUDA/12.4.0                (a)   38) x264/20231019                  (a)
  9) OpenMPI/5.0.3              (ag)  39) LAME/3.100                     (a)
 10) OpenBLAS/0.3.24            (a)   40) x265/3.5                       (a)
 11) FlexiBLAS/3.3.1            (a)   41) expat/2.5.0                    (a)
 12) FFTW/3.3.10                (a)   42) Brotli/1.1.0                   (a)
 13) FFTW.MPI/3.3.10            (a)   43) freetype/2.13.2                (a)
 14) ScaLAPACK/2.2.0-fb         (a)   44) util-linux/2.39                (a)
 15) foss/2023b                 (a)   45) fontconfig/2.14.2              (a)
 16) numactl/2.0.16             (a)   46) xorg-macros/1.20.0             (a)
 17) XZ/5.4.4                   (a)   47) X11/20231019                   (a)
 18) libxml2/2.11.5             (a)   48) FriBidi/1.0.13                 (a)
 19) libpciaccess/0.17          (a)   49) SDL2/2.28.5                    (a)
 20) hwloc/2.9.2                (a)   50) FFmpeg/6.0                     (a)
 21) ncurses/6.4                (a)   51) libogg/1.3.5                   (a)
 22) GMP/6.3.0                  (a)   52) FLAC/1.4.2                     (a)
 23) bzip2/1.0.8                (a)   53) libvorbis/1.3.7                (a)
 24) libreadline/8.2            (a)   54) libopus/1.4                    (a)
 25) Tcl/8.6.13                 (a)   55) mpg123/1.32.10                 (a)
 26) SQLite/3.43.1              (a)   56) libsndfile/1.2.2               (a)
 27) libffi/3.4.4               (a)   57) cuSPARSELt/0.6.1.0-CUDA-12.4.0 (ag)
 28) OpenSSL/1.1                (a)   58) Szip/2.1.1                     (a)
 29) Python/3.11.5              (a)   59) HDF5/1.14.3                    (a)
 30) Z3/4.13.0                  (a)   60) ML-bundle/24.06a               (ag)

  Where:
   a:   built for aarch64 ARM CPU architecture
   ag:  built for aarch64 ARM CPU architecture with GPU support
