===== NODE INFO =====
Running on node: x1002c5s3b0n0
Architecture: aarch64
===== ENV BEFORE RESET =====
MODULEPATH=/net/software/x86_64/el8modules/all/Compiler/GCCcore/13.2.0:/net/software/x86_64/el8modules/all/Core:/net/software/x86_64/el9modules/all/Core:/net/software/aarch64/el9modules/all/Core
LMOD_ARCH_NAME=
LMOD_SYSTEM_NAME=
LOADEDMODULES=OpenSSL/1.1:GCCcore/13.2.0:binutils/2.40:bzip2/1.0.8:zlib/1.2.13:ncurses/6.4:libreadline/8.2:Tcl/8.6.13:SQLite/3.43.1:XZ/5.4.4:libffi/3.4.4:Python/3.11.5
===== RESETTING MODULE ENVIRONMENT =====
Using Lmod init script: 
WARNING: no Lmod init script found under /etc/profile.d -- falling back to /etc/profile
===== ENV AFTER RESET =====
MODULEPATH=/net/software/aarch64/el9modules/all/Core
LMOD_ARCH_NAME=
LMOD_SYSTEM_NAME=
===== LOADING ML-bundle =====
module load exit status: 0
===== ENV AFTER ML-bundle LOAD =====
MODULEPATH=/net/software/aarch64/el9modules/all/Compiler/Clang-GCC/17.0.6-CUDA-12.4.0-13.2.0:/net/software/aarch64/el9modules/all/MPI/GCC/13.2.0/OpenMPI/5.0.3:/net/software/aarch64/el9modules/all/Compiler/GCC/13.2.0:/net/software/aarch64/el9modules/all/Compiler/GCCcore/13.2.0:/net/software/aarch64/el9modules/all/Core
LMOD_ARCH_NAME=
===== DONE DEBUGGING =====
